// Jest Snapshot v1, https://goo.gl/fbAQLP

exports[`matches the snapshot 1`] = `
<DocumentFragment>
  <form>
    <label
      for="color"
    >
      Color:
    </label>
    <input
      id="color"
      name="color"
      value=""
    />
    <label
      for="width"
    >
      Width:
    </label>
    <input
      id="width"
      name="width"
      value=""
    />
    <label
      for="height"
    >
      Height:
    </label>
    <input
      id="height"
      name="height"
      value=""
    />
    <button>
      Make Box
    </button>
  </form>
</DocumentFragment>
`;
